[love.grid.com.tw/index.html]
[backblue.gif]
[fade.gif]
[index.html]
[love.grid.com.tw/css/bootstrap/bootstrap.css]
[love.grid.com.tw/css/bootstrap/bootstrap-theme.css]
[love.grid.com.tw/css/icons.css]
[love.grid.com.tw/js/plugins/misc/fullcalendar/fullcalendar.css]
[love.grid.com.tw/js/plugins/forms/uniform/uniform.default.css]
[love.grid.com.tw/js/plugins/ui/jgrowl/jquery.jgrowl.css]
[love.grid.com.tw/css/custom.css]
[love.grid.com.tw/css/app.css]
[love.grid.com.tw/images/ico/apple-touch-icon-144-precomposed.png]
[love.grid.com.tw/images/ico/apple-touch-icon-114-precomposed.png]
[love.grid.com.tw/images/ico/apple-touch-icon-72-precomposed.png]
[love.grid.com.tw/images/ico/apple-touch-icon-57-precomposed.png]
[love.grid.com.tw/images/ico/favicon.png]
[ajax.googleapis.com/ajax/libs/jquery/1.9.1/jquery.min.js]
[ajax.googleapis.com/ajax/libs/jqueryui/1.10.2/jquery-ui.min.js]
[love.grid.com.tw/js/conditionizr.min.js]
[love.grid.com.tw/js/masonry.pkgd.min.js]
[love.grid.com.tw/js/bootstrap/bootstrap.js]
[love.grid.com.tw/js/plugins/core/nicescroll/jquery.nicescroll.min.js]
[love.grid.com.tw/js/plugins/core/jrespond/jRespond.min.js]
[love.grid.com.tw/js/jquery.genyxAdmin.js]
[love.grid.com.tw/js/plugins/charts/flot/jquery.flot.pie.js]
[love.grid.com.tw/js/plugins/charts/flot/jquery.flot.js]
[love.grid.com.tw/js/plugins/charts/flot/jquery.flot.resize.js]
[love.grid.com.tw/js/plugins/charts/flot/jquery.flot.tooltip.min.js]
[love.grid.com.tw/js/plugins/charts/flot/jquery.flot.orderBars.js]
[love.grid.com.tw/js/plugins/charts/flot/jquery.flot.time.min.js]
[love.grid.com.tw/js/plugins/charts/sparklines/jquery.sparkline.min.js]
[love.grid.com.tw/js/plugins/charts/pie-chart/jquery.easy-pie-chart.js]
[love.grid.com.tw/js/plugins/charts/flot/date.js]
[love.grid.com.tw/js/plugins/charts/gauge/justgage.1.0.1.min.js]
[love.grid.com.tw/js/plugins/forms/uniform/jquery.uniform.min.js]
[love.grid.com.tw/js/plugins/ui/jgrowl/jquery.jgrowl.min.js]
[love.grid.com.tw/js/app.js]
[love.grid.com.tw/js/plugins/misc/fullcalendar/fullcalendar.min.js]
[love.grid.com.tw/js/pages/index.js]
[love.grid.com.tw/index-2.html]
[love.grid.com.tw/add-article.html]
[love.grid.com.tw/add-exchange.html]
[love.grid.com.tw/js/plugins/charts/gauge/raphael.2.1.0.min.js]
[love.grid.com.tw/add-message.html]
[love.grid.com.tw/images/avatars/peter.jpg]
[love.grid.com.tw/images/avatars/milen.jpg]
[love.grid.com.tw/images/avatars/anonime.jpg]
[love.grid.com.tw/message.html]
[love.grid.com.tw/images/avatars/sugge.jpg]
[love.grid.com.tw/friends.html]
[love.grid.com.tw/settings.html]
[love.grid.com.tw/profile.html]
[love.grid.com.tw/login.html]
[love.grid.com.tw/files/images/love_story_1.jpg]
[love.grid.com.tw/files/images/love_gift_1.jpg]
[love.grid.com.tw/files/images/love_story_2.jpg]
[love.grid.com.tw/files/images/love_gift_2.jpg]
[love.grid.com.tw/files/images/love_story_3.jpg]
[love.grid.com.tw/files/images/love_gift_3.jpg]
[love.grid.com.tw/files/images/love_story_4.jpg]
[love.grid.com.tw/files/images/love_gift_4.jpg]
[love.grid.com.tw/files/images/love_story_5.jpg]
[love.grid.com.tw/files/images/love_gift_5.jpg]
[love.grid.com.tw/files/images/love_story_6.jpg]
[love.grid.com.tw/files/images/love_gift_6.jpg]
[love.grid.com.tw/files/images/love_story_7.jpg]
[love.grid.com.tw/files/images/love_gift_7.jpg]
[love.grid.com.tw/files/images/love_story_8.jpg]
[love.grid.com.tw/files/images/love_gift_8.jpg]
[love.grid.com.tw/files/images/love_story_9.jpg]
[love.grid.com.tw/files/images/love_gift_9.jpg]
[love.grid.com.tw/article-message.html]
[love.grid.com.tw/exchange.html]
[love.grid.com.tw/index.html]
[love.grid.com.tw/css/fonts/glyphicons-halflings-regular.eot]
[love.grid.com.tw/css/fonts/glyphicons-halflings-regulard41d.eot]
[love.grid.com.tw/css/fonts/glyphicons-halflings-regular.woff]
[love.grid.com.tw/css/fonts/glyphicons-halflings-regular.ttf]
[love.grid.com.tw/css/fonts/glyphicons-halflings-regular.svg]
[love.grid.com.tw/css/bootstrap/bootstrap.css]
[love.grid.com.tw/css/bootstrap/bootstrap-theme.css]
[love.grid.com.tw/images/glyphicons-halflings.png]
[love.grid.com.tw/images/glyphicons-halflings-white.png]
[love.grid.com.tw/css/icons.css]
[love.grid.com.tw/images/patterns/furley_bg2.png]
[love.grid.com.tw/js/plugins/misc/fullcalendar/fullcalendar.css]
[love.grid.com.tw/js/plugins/forms/uniform/images/selects.png]
[love.grid.com.tw/js/plugins/forms/uniform/images/checkbox.png]
[love.grid.com.tw/js/plugins/forms/uniform/images/radio.png]
[love.grid.com.tw/js/plugins/forms/uniform/images/uploader.png]
[love.grid.com.tw/js/plugins/forms/uniform/uniform.default.css]
[love.grid.com.tw/js/plugins/ui/jgrowl/jquery.jgrowl.css]
[love.grid.com.tw/images/patterns/debut_light.png]
[love.grid.com.tw/images/error.png]
[love.grid.com.tw/images/success.png]
[love.grid.com.tw/images/patterns/furley_bg1.png]
[love.grid.com.tw/images/patterns/cream_dust.png]
[love.grid.com.tw/images/patterns/furley_bg.png]
[love.grid.com.tw/images/backtotop.png]
[love.grid.com.tw/images/patterns/debut_light1.png]
[love.grid.com.tw/images/search.png]
[love.grid.com.tw/css/app.css]
[love.grid.com.tw/css/custom.css]
[love.grid.com.tw/images/ico/favicon.html]
[love.grid.com.tw/index-2.html]
[love.grid.com.tw/add-article.html]
[love.grid.com.tw/add-exchange.html]
[love.grid.com.tw/add-message.html]
[love.grid.com.tw/message.html]
[love.grid.com.tw/images/avatars/jay_robinson.jpg]
[love.grid.com.tw/images/avatars/roy_barber.jpg]
[love.grid.com.tw/images/avatars/vin_thomas.jpg]
[love.grid.com.tw/images/avatars/louis_bullock.jpg]
[love.grid.com.tw/images/avatars/cibelle_chalot.jpg]
[love.grid.com.tw/images/avatars/maria_kalalang.jpg]
[love.grid.com.tw/friends.html]
[love.grid.com.tw/settings.html]
[love.grid.com.tw/images/avatars/suggebig.jpg]
[love.grid.com.tw/profile.html]
[love.grid.com.tw/js/plugins/forms/tinymce/tinymce.min.js]
[love.grid.com.tw/login.html]
[love.grid.com.tw/js/pages/login.js]
[love.grid.com.tw/js/plugins/forms/validation/jquery.validate.js]
[love.grid.com.tw/images/avatars/daniel_haim.jpg]
[love.grid.com.tw/images/avatars/stephanie_walter.jpg]
[love.grid.com.tw/article-message.html]
[love.grid.com.tw/exchange.html]
[love.grid.com.tw/css/fonts/glyphicons-halflings-regular.html]
[love.grid.com.tw/css/fonts/glyphicons-halflings-regulard41d.html]
[love.grid.com.tw/css/fonts/glyphicons-halflings-regular-2.html]
[love.grid.com.tw/css/fonts/glyphicons-halflings-regular-3.html]
[love.grid.com.tw/css/fonts/glyphicons-halflings-regular-4.html]
[love.grid.com.tw/css/fonts/icomoon.html]
[love.grid.com.tw/css/fonts/icomoond41d.html]
[love.grid.com.tw/css/fonts/icomoon-2.html]
[love.grid.com.tw/css/fonts/icomoon-3.html]
[love.grid.com.tw/css/fonts/icomoon.svg]
[love.grid.com.tw/images/search.html]
